
> frontend@1.0.0 test
> react-scripts test --watchAll=false

  console.error
    Warning: An update to TokenDetail inside a test was not wrapped in act(...).
    
    When testing, code that causes React state updates should be wrapped into act(...):
    
    act(() => {
      /* fire events that update state */
    });
    /* assert on the output */
    
    This ensures that you're testing the behavior the user would see in the browser. Learn more at https://reactjs.org/link/wrap-tests-with-act
        at TokenDetail (C:\Users\Casper\OneDrive\Desktop\Easylaunch\frontend\src\TokenDetail.jsx:4:24)

    [0m [90m 29 |[39m       [36mtry[39m {
     [90m 30 |[39m         [36mconst[39m res [33m=[39m [36mawait[39m axios[33m.[39m[36mget[39m([32m`/api/tokens/transfers/${token.address}`[39m)[33m;[39m
    [31m[1m>[22m[39m[90m 31 |[39m         [36mif[39m (mounted) setTransfers(res[33m?[39m[33m.[39mdata [33m?[39m[33m?[39m [])[33m;[39m
     [90m    |[39m                      [31m[1m^[22m[39m
     [90m 32 |[39m       } [36mcatch[39m {
     [90m 33 |[39m         [36mif[39m (mounted) setTransfers([])[33m;[39m
     [90m 34 |[39m       }[0m

      at printWarning (node_modules/react-dom/cjs/react-dom.development.js:86:30)
      at error (node_modules/react-dom/cjs/react-dom.development.js:60:7)
      at warnIfUpdatesNotWrappedWithActDEV (node_modules/react-dom/cjs/react-dom.development.js:27628:9)
      at scheduleUpdateOnFiber (node_modules/react-dom/cjs/react-dom.development.js:25547:5)
      at setTransfers (node_modules/react-dom/cjs/react-dom.development.js:16708:7)
      at fetchTransfers (src/TokenDetail.jsx:31:22)

node.exe : FAIL src/__tests__/TokenDetail.test.jsx
At C:\Program Files\nodejs\npm.ps1:29 char:3
+   & $NODE_EXE $NPM_CLI_JS $args
+   ~~~~~~~~~~~~~~~~~~~~~~~~~~~~~
    + CategoryInfo          : NotSpecified: (FAIL src/__tests__/TokenDetail.test.jsx:String) [], RemoteE 
   xception
    + FullyQualifiedErrorId : NativeCommandError
 
  ├ù TokenDetail renders token info and transfer list (87 ms)

  ÔùÅ TokenDetail renders token info and transfer list

    TestingLibraryElementError: Unable to find an element with the text: /TestToken Detaylar─▒/i. This co
uld be because the text is broken up by multiple elements. In this case, you can provide a function for y
our text matcher to make your matcher more flexible.

    Ignored nodes: comments, script, style
    [36m<body>[39m
      [36m<div>[39m
        [36m<div>[39m
          [36m<h2>[39m
            [0mTestToken[0m
            [0m Details[0m
          [36m</h2>[39m
          [36m<p>[39m
            [0mSymbol: [0m
            [0mTTK[0m
          [36m</p>[39m
          [36m<p>[39m
            [0mTotal supply: [0m
          [36m</p>[39m
          [36m<p>[39m
            [0mBalance: [0m
            [0m0[0m
          [36m</p>[39m
          [36m<h3>[39m
            [0mTransfers[0m
          [36m</h3>[39m
          [36m<ul>[39m
            [36m<li>[39m
              [0mNo transfers[0m
            [36m</li>[39m
          [36m</ul>[39m
        [36m</div>[39m
      [36m</div>[39m
    [36m</body>[39m

    [0m [90m 34 |[39m test([32m"TokenDetail renders token info and transfer list"[39m[33m,[39m [3
6masync[39m () [33m=>[39m {
     [90m 35 |[39m   render([33m<[39m[33mTokenDetail[39m token[33m=[39m{mockToken} [33m/[39m[3
3m>[39m)[33m;[39m
    [31m[1m>[22m[39m[90m 36 |[39m   expect(screen[33m.[39mgetByText([35m/TestToken Detaylar─▒/i
[39m))[33m.[39mtoBeInTheDocument()[33m;[39m
     [90m    |[39m                 [31m[1m^[22m[39m
     [90m 37 |[39m   expect(screen[33m.[39mgetByText([35m/Sembol:/i[39m))[33m.[39mtoBeInTheDocume
nt()[33m;[39m
     [90m 38 |[39m   expect(screen[33m.[39mgetByText([35m/Ba┼şlang─▒├ğ Arz─▒:/i[39m))[33m.[39mtoB
eInTheDocument()[33m;[39m
     [90m 39 |[39m   expect([36mawait[39m screen[33m.[39mfindByText([35m/Bakiye: 5000/i[39m))[33
m.[39mtoBeInTheDocument()[33m;[39m[0m

      at Object.getElementError (node_modules/@testing-library/dom/dist/config.js:37:19)
      at node_modules/@testing-library/dom/dist/query-helpers.js:76:38
      at node_modules/@testing-library/dom/dist/query-helpers.js:52:17
      at getByText (node_modules/@testing-library/dom/dist/query-helpers.js:95:19)
      at Object.<anonymous> (src/__tests__/TokenDetail.test.jsx:36:17)
      at TestScheduler.scheduleTests (node_modules/@jest/core/build/TestScheduler.js:333:13)
      at runJest (node_modules/@jest/core/build/runJest.js:404:19)
      at _run10000 (node_modules/@jest/core/build/cli/index.js:320:7)
      at runCLI (node_modules/@jest/core/build/cli/index.js:173:3)

Test Suites: 1 failed, 1 total
Tests:       1 failed, 1 total
Snapshots:   0 total
Time:        4.297 s
Ran all test suites.
